// Jest Snapshot v1, https://goo.gl/fbAQLP

exports[`parses a GFA file 1`] = `
Object {
  "header": Array [
    Object {
      "VN": "2.0",
    },
  ],
  "links": Array [
    Object {
      "cigar": "10M",
      "source": "1",
      "strand1": "+",
      "strand2": "+",
      "tags": Object {},
      "target": "2",
    },
    Object {
      "cigar": "10M",
      "source": "1",
      "strand1": "-",
      "strand2": "",
      "tags": Object {},
      "target": "19",
    },
    Object {
      "cigar": "10M",
      "source": "10",
      "strand1": "+",
      "strand2": "0",
      "tags": Object {},
      "target": "3",
    },
    Object {
      "cigar": "10M",
      "source": "10",
      "strand1": "-",
      "strand2": "0",
      "tags": Object {},
      "target": "4",
    },
    Object {
      "cigar": "10M",
      "source": "11",
      "strand1": "-",
      "strand2": "1",
      "tags": Object {},
      "target": "6",
    },
    Object {
      "cigar": "10M",
      "source": "11",
      "strand1": "+",
      "strand2": "1",
      "tags": Object {},
      "target": "9",
    },
    Object {
      "cigar": "10M",
      "source": "12",
      "strand1": "+",
      "strand2": "2",
      "tags": Object {},
      "target": "9",
    },
    Object {
      "cigar": "10M",
      "source": "12",
      "strand1": "-",
      "strand2": "-",
      "tags": Object {},
      "target": "18",
    },
    Object {
      "cigar": "10M",
      "source": "16",
      "strand1": "+",
      "strand2": "+",
      "tags": Object {},
      "target": "20",
    },
    Object {
      "cigar": "10M",
      "source": "16",
      "strand1": "-",
      "strand2": "-",
      "tags": Object {},
      "target": "22",
    },
    Object {
      "cigar": "10M",
      "source": "18",
      "strand1": "+",
      "strand2": "+",
      "tags": Object {},
      "target": "19",
    },
    Object {
      "cigar": "10M",
      "source": "18",
      "strand1": "-",
      "strand2": "-",
      "tags": Object {},
      "target": "23",
    },
    Object {
      "cigar": "10M",
      "source": "2",
      "strand1": "+",
      "strand2": "+",
      "tags": Object {},
      "target": "5",
    },
    Object {
      "cigar": "10M",
      "source": "2",
      "strand1": "+",
      "strand2": "+",
      "tags": Object {},
      "target": "5",
    },
    Object {
      "cigar": "10M",
      "source": "2",
      "strand1": "-",
      "strand2": "-",
      "tags": Object {},
      "target": "8",
    },
    Object {
      "cigar": "10M",
      "source": "20",
      "strand1": "+",
      "strand2": "+",
      "tags": Object {},
      "target": "21",
    },
    Object {
      "cigar": "10M",
      "source": "21",
      "strand1": "+",
      "strand2": "+",
      "tags": Object {},
      "target": "23",
    },
    Object {
      "cigar": "10M",
      "source": "22",
      "strand1": "-",
      "strand2": "2",
      "tags": Object {},
      "target": "6",
    },
    Object {
      "cigar": "10M",
      "source": "24",
      "strand1": "+",
      "strand2": "4",
      "tags": Object {},
      "target": "7",
    },
    Object {
      "cigar": "10M",
      "source": "24",
      "strand1": "-",
      "strand2": "4",
      "tags": Object {},
      "target": "7",
    },
    Object {
      "cigar": "10M",
      "source": "3",
      "strand1": "+",
      "strand2": "+",
      "tags": Object {},
      "target": "4",
    },
    Object {
      "cigar": "10M",
      "source": "3",
      "strand1": "-",
      "strand2": "-",
      "tags": Object {},
      "target": "6",
    },
    Object {
      "cigar": "10M",
      "source": "3",
      "strand1": "-",
      "strand2": "-",
      "tags": Object {},
      "target": "8",
    },
    Object {
      "cigar": "10M",
      "source": "4",
      "strand1": "-",
      "strand2": "-",
      "tags": Object {},
      "target": "7",
    },
  ],
  "nodes": Array [
    Object {
      "id": "1",
      "length": 6871,
      "sequence": "*",
      "tags": Object {},
    },
    Object {
      "id": "10",
      "length": 251,
      "sequence": "*",
      "tags": Object {},
    },
    Object {
      "id": "11",
      "length": 208,
      "sequence": "*",
      "tags": Object {},
    },
    Object {
      "id": "12",
      "length": 186,
      "sequence": "*",
      "tags": Object {},
    },
    Object {
      "id": "16",
      "length": 157,
      "sequence": "*",
      "tags": Object {},
    },
    Object {
      "id": "18",
      "length": 145,
      "sequence": "*",
      "tags": Object {},
    },
    Object {
      "id": "19",
      "length": 134,
      "sequence": "*",
      "tags": Object {},
    },
    Object {
      "id": "2",
      "length": 4589,
      "sequence": "*",
      "tags": Object {},
    },
    Object {
      "id": "20",
      "length": 134,
      "sequence": "*",
      "tags": Object {},
    },
    Object {
      "id": "21",
      "length": 133,
      "sequence": "*",
      "tags": Object {},
    },
    Object {
      "id": "22",
      "length": 132,
      "sequence": "*",
      "tags": Object {},
    },
    Object {
      "id": "23",
      "length": 132,
      "sequence": "*",
      "tags": Object {},
    },
    Object {
      "id": "24",
      "length": 107,
      "sequence": "*",
      "tags": Object {},
    },
    Object {
      "id": "3",
      "length": 2044,
      "sequence": "*",
      "tags": Object {},
    },
    Object {
      "id": "4",
      "length": 1744,
      "sequence": "*",
      "tags": Object {},
    },
    Object {
      "id": "5",
      "length": 1378,
      "sequence": "*",
      "tags": Object {},
    },
    Object {
      "id": "6",
      "length": 1356,
      "sequence": "*",
      "tags": Object {},
    },
    Object {
      "id": "7",
      "length": 920,
      "sequence": "*",
      "tags": Object {},
    },
    Object {
      "id": "8",
      "length": 876,
      "sequence": "*",
      "tags": Object {},
    },
    Object {
      "id": "9",
      "length": 255,
      "sequence": "*",
      "tags": Object {},
    },
  ],
  "paths": Array [],
}
`;
